// Jest Snapshot v1, https://goo.gl/fbAQLP

exports[`Pruebas en un componenet <AddCategory /> Debe renderizar el compoenente <AddCategory /> 1`] = `
<form
  onSubmit={[Function]}
>
  <input
    onChange={[Function]}
    type="text"
    value=""
  />
</form>
`;
